npm warn Unknown project config "public-hoist-pattern". This will stop working in the next major version of npm.
src/workflows/send-order-confirmation.ts(1,67): error TS2307: Cannot find module '@medusajs/framework/workflows-sdk' or its corresponding type declarations.
  There are types at 'C:/Users/mbtec/Documents/MB Tecnologia & Desenvolvimento/Segredos Da Serpente/segredos-da-serpente/node_modules/@medusajs/framework/dist/workflows-sdk/index.d.ts', but this result could not be resolved under your current 'moduleResolution' setting. Consider updating to 'node16', 'nodenext', or 'bundler'.
src/workflows/send-order-confirmation.ts(2,35): error TS2307: Cannot find module '@medusajs/medusa/core-flows' or its corresponding type declarations.
  There are types at 'C:/Users/mbtec/Documents/MB Tecnologia & Desenvolvimento/Segredos Da Serpente/segredos-da-serpente/node_modules/@medusajs/medusa/dist/core-flows/index.d.ts', but this result could not be resolved under your current 'moduleResolution' setting. Consider updating to 'node16', 'nodenext', or 'bundler'.
src/workflows/steps/send-notification.ts(1,25): error TS2307: Cannot find module '@medusajs/framework/utils' or its corresponding type declarations.
  There are types at 'C:/Users/mbtec/Documents/MB Tecnologia & Desenvolvimento/Segredos Da Serpente/segredos-da-serpente/node_modules/@medusajs/framework/dist/utils/index.d.ts', but this result could not be resolved under your current 'moduleResolution' setting. Consider updating to 'node16', 'nodenext', or 'bundler'.
src/workflows/steps/send-notification.ts(2,42): error TS2307: Cannot find module '@medusajs/framework/workflows-sdk' or its corresponding type declarations.
  There are types at 'C:/Users/mbtec/Documents/MB Tecnologia & Desenvolvimento/Segredos Da Serpente/segredos-da-serpente/node_modules/@medusajs/framework/dist/workflows-sdk/index.d.ts', but this result could not be resolved under your current 'moduleResolution' setting. Consider updating to 'node16', 'nodenext', or 'bundler'.
src/workflows/steps/send-notification.ts(3,39): error TS2307: Cannot find module '@medusajs/framework/types' or its corresponding type declarations.
  There are types at 'C:/Users/mbtec/Documents/MB Tecnologia & Desenvolvimento/Segredos Da Serpente/segredos-da-serpente/node_modules/@medusajs/framework/dist/types/index.d.ts', but this result could not be resolved under your current 'moduleResolution' setting. Consider updating to 'node16', 'nodenext', or 'bundler'.
